string to be matched:
 HERE IS A SIMPLE EXAMPLE
begin:
 EXAMPLE
       ^
       -
        EXAMPLE
              ^
              -
          EXAMPLE
                ^
            -
                EXAMPLE
                      ^
                      -
                  EXAMPLE
                        ^
                 -
